<?xml version="1.0" encoding="utf-8"?><testsuites><testsuite name="pytest" errors="0" failures="0" skipped="0" tests="71" time="235.682" timestamp="2026-08-21T02:08:37.073530+00:00" hostname="pod"><testcase classname="combined.test_baseline" name="test_cluster_state_exposes_engines_and_namespaces" time="2.921" /><testcase classname="combined.test_baseline" name="test_graph_without_policies_has_workloads_and_no_edges" time="1.793" /><testcase classname="combined.test_baseline" name="test_graph_filtered_by_namespace_returns_subset" time="1.792" /><testcase classname="combined.test_cluster_metrics" name="test_cluster_metrics_reports_topology_totals" time="1.793" /><testcase classname="combined.test_cluster_metrics" name="test_mesh_metrics_marks_enrolled_ns_and_workloads" time="1.792" /><testcase classname="combined.test_cluster_metrics" name="test_mesh_metrics_shifts_to_strict_when_ns_pa_applied" time="3.433" /><testcase classname="combined.test_cluster_metrics" name="test_mesh_metrics_shifts_to_disabled_when_pa_disables" time="3.441" /><testcase classname="combined.test_dual_engine" name="test_both_engines_produce_distinct_edges_side_by_side" time="5.309" /><testcase classname="combined.test_intersection" name="test_effective_status_is_intersection_of_both_engines" time="5.620" /><testcase classname="combined.test_intersection" name="test_no_opinion_engine_does_not_over_claim" time="3.457" /><testcase classname="combined.test_issues" name="test_issues_empty_when_no_policies" time="2.508" /><testcase classname="combined.test_issues" name="test_policy_conflict_flagged_when_engines_disagree" time="5.159" /><testcase classname="combined.test_issues" name="test_mesh_conflict_flagged_when_strict_denies_permitted_edge" time="4.866" /><testcase classname="combined.test_manifest" name="test_manifest_returns_clean_yaml_for_applied_netpol" time="3.348" /><testcase classname="combined.test_manifest" name="test_manifest_unknown_policy_returns_error" time="2.526" /><testcase classname="combined.test_mesh_status" name="test_mesh_status_reports_ambient_workloads" time="1.795" /><testcase classname="combined.test_mesh_status" name="test_mesh_status_marks_unenrolled_workloads" time="1.786" /><testcase classname="combined.test_metrics_endpoint" name="test_metrics_endpoint_serves_prometheus_text" time="1.705" /><testcase classname="combined.test_metrics_endpoint" name="test_metrics_endpoint_exposes_alatyr_series" time="1.789" /><testcase classname="combined.test_metrics_endpoint" name="test_metrics_endpoint_exposes_runtime_collectors" time="1.710" /><testcase classname="combined.test_metrics_endpoint" name="test_metrics_endpoint_records_http_traffic" time="1.820" /><testcase classname="combined.test_metrics_endpoint" name="test_metrics_endpoint_stamps_build_info" time="1.688" /><testcase classname="combined.test_metrics_endpoint" name="test_metrics_endpoint_marks_registered_engines" time="1.697" /><testcase classname="combined.test_metrics_endpoint" name="test_metrics_endpoint_handles_gzip_negotiation" time="1.704" /><testcase classname="combined.test_node_info" name="test_node_with_no_policies_has_no_neighbors" time="1.804" /><testcase classname="combined.test_node_info" name="test_inbound_neighbor_lists_source" time="3.339" /><testcase classname="combined.test_node_info" name="test_outbound_neighbor_lists_destination" time="3.732" /><testcase classname="combined.test_node_info" name="test_istio_neighbor_visible_on_selected_workload" time="3.965" /><testcase classname="combined.test_node_info" name="test_both_engines_have_neighbors_when_each_has_data" time="5.583" /><testcase classname="combined.test_reachability" name="test_no_policies_verdict_allow_engines_not_enforced" time="1.933" /><testcase classname="combined.test_reachability" name="test_k8s_allow_rule_grants_reachability" time="3.344" /><testcase classname="combined.test_reachability" name="test_k8s_default_deny_blocks_when_locked_without_allow" time="4.144" /><testcase classname="combined.test_reachability" name="test_istio_explicit_deny_blocks_path" time="4.057" /><testcase classname="combined.test_reachability" name="test_multi_engine_and_one_engine_blocks_overall" time="5.695" /><testcase classname="istio.test_edges" name="test_istio_authz_produces_istio_edge" time="3.355" /><testcase classname="istio.test_edges" name="test_istio_edge_direction" time="3.948" /><testcase classname="istio.test_edges" name="test_istio_deny_edge_action" time="3.959" /><testcase classname="istio.test_mesh" name="test_mtls_verdict[ns_strict]" time="3.971" /><testcase classname="istio.test_mesh" name="test_mtls_verdict[ns_disable]" time="3.358" /><testcase classname="istio.test_mesh" name="test_mtls_verdict[ns_permissive]" time="3.356" /><testcase classname="istio.test_mesh" name="test_mtls_verdict[ns_unset_fallback]" time="3.341" /><testcase classname="istio.test_mesh" name="test_mtls_verdict[precedence_workload]" time="4.982" /><testcase classname="istio.test_mesh" name="test_mtls_verdict[mesh_scope]" time="3.374" /><testcase classname="istio.test_mesh" name="test_enrolled_membership" time="1.830" /><testcase classname="istio.test_mesh" name="test_port_override" time="3.324" /><testcase classname="istio.test_mesh" name="test_mesh_can_talk" time="3.357" /><testcase classname="istio.test_mesh" name="test_cant_talk_outside_mesh" time="3.354" /><testcase classname="istio.test_mesh" name="test_capture_ingress_error" time="3.343" /><testcase classname="istio.test_mesh" name="test_capture_egress_error" time="3.639" /><testcase classname="istio.test_mesh" name="test_capture_mesh_duplicate_pa_error" time="5.261" /><testcase classname="istio.test_mesh" name="test_pa_issues[all_unset]" time="3.379" /><testcase classname="istio.test_mesh" name="test_pa_issues[root_selector_ignored]" time="3.343" /><testcase classname="istio.test_mesh" name="test_pa_issues[port_without_selector]" time="3.354" /><testcase classname="istio.test_mesh" name="test_unenrolled_workload_reports_not_in_mesh" time="1.829" /><testcase classname="istio.test_mesh" name="test_namespace_node_inherits_ns_ambient_enrollment" time="1.795" /><testcase classname="istio.test_status_keys" name="test_backend_istio_status_keys[deny_all]" time="3.315" /><testcase classname="istio.test_status_keys" name="test_backend_istio_status_keys[allow_same_ns]" time="3.457" /><testcase classname="istio.test_status_keys" name="test_backend_istio_status_keys[allow_cross_ns]" time="3.962" /><testcase classname="istio.test_status_keys" name="test_backend_istio_status_keys[allow_internet]" time="4.091" /><testcase classname="istio.test_status_keys" name="test_backend_istio_status_keys[allow_lan]" time="3.354" /><testcase classname="istio.test_status_keys" name="test_backend_istio_status_keys[allow_any]" time="3.349" /><testcase classname="istio.test_status_keys" name="test_backend_istio_status_keys[allow_l7]" time="3.368" /><testcase classname="istio.test_status_keys" name="test_backend_istio_status_keys[subtraction]" time="5.494" /><testcase classname="istio.test_status_keys" name="test_backend_istio_status_keys[not_namespaces]" time="3.368" /><testcase classname="k8s.test_edges" name="test_k8s_netpol_produces_k8s_edge" time="3.445" /><testcase classname="k8s.test_status_keys" name="test_backend_k8s_status_keys[deny_all_backend-expected_keys0]" time="3.524" /><testcase classname="k8s.test_status_keys" name="test_backend_k8s_status_keys[allow_fe_to_be-expected_keys1]" time="4.045" /><testcase classname="k8s.test_status_keys" name="test_backend_k8s_status_keys[pod_ns_egress-expected_keys2]" time="3.960" /><testcase classname="k8s.test_status_keys" name="test_backend_k8s_status_keys[allow_internet_egress-expected_keys3]" time="4.040" /><testcase classname="k8s.test_status_keys" name="test_backend_k8s_status_keys[allow_internet_ingress-expected_keys4]" time="4.160" /><testcase classname="k8s.test_status_keys" name="test_backend_k8s_status_keys[deny_egress_only-expected_keys5]" time="3.990" /></testsuite></testsuites>